// Vitest Snapshot v1, https://vitest.dev/guide/snapshot.html

exports[`ButtonIcon > should render ButtonIcon correctly 1`] = `
<div>
  <button
    class="inline-flex items-center justify-center gap-2 whitespace-nowrap rounded-md text-sm font-medium transition-all disabled:pointer-events-none disabled:opacity-50 [&_svg]:pointer-events-none [&_svg:not([class*='size-'])]:size-4 shrink-0 [&_svg]:shrink-0 outline-none focus-visible:border-ring focus-visible:ring-ring/50 focus-visible:ring-[3px] aria-invalid:ring-destructive/20 dark:aria-invalid:ring-destructive/40 aria-invalid:border-destructive bg-primary text-primary-foreground hover:bg-primary/90 size-9"
    data-slot="tooltip-trigger"
    data-state="closed"
  >
    <svg
      aria-hidden="true"
      class="lucide lucide-download"
      fill="none"
      height="24"
      stroke="currentColor"
      stroke-linecap="round"
      stroke-linejoin="round"
      stroke-width="2"
      viewBox="0 0 24 24"
      width="24"
      xmlns="http://www.w3.org/2000/svg"
    >
      <path
        d="M12 15V3"
      />
      <path
        d="M21 15v4a2 2 0 0 1-2 2H5a2 2 0 0 1-2-2v-4"
      />
      <path
        d="m7 10 5 5 5-5"
      />
    </svg>
  </button>
</div>
`;
